// Jest Snapshot v1, https://goo.gl/fbAQLP

exports[`generate-sync-model integration test generate model 1`] = `
{
  "contentTypeSnippets": [
    {
      "codename": "small_snippet",
      "elements": [
        {
          "codename": "small_snippet__just_text",
          "default": {
            "global": {
              "value": "sample default",
            },
          },
          "external_id": "small_snippet_small_snippet__just_text",
          "is_non_localizable": false,
          "is_required": false,
          "maximum_text_length": {
            "applies_to": "words",
            "value": 444,
          },
          "name": "just text",
          "type": "text",
          "validation_regex": {
            "is_active": false,
            "regex": "",
            "validation_message": "",
          },
        },
        {
          "codename": "small_snippet__num",
          "external_id": "small_snippet_small_snippet__num",
          "is_non_localizable": false,
          "is_required": false,
          "name": "num",
          "type": "number",
        },
      ],
      "external_id": "small_snippet",
      "name": "Small snippet",
    },
    {
      "codename": "snippet_with_all_elements",
      "elements": [
        {
          "codename": "snippet_with_all_elements__text",
          "default": {
            "global": {
              "value": "aaaeee",
            },
          },
          "external_id": "snippet_with_all_elements_snippet_with_all_elements__text",
          "is_non_localizable": false,
          "is_required": true,
          "maximum_text_length": {
            "applies_to": "characters",
            "value": 40,
          },
          "name": "text",
          "type": "text",
          "validation_regex": {
            "flags": "i",
            "is_active": true,
            "regex": "[a-e]+",
            "validation_message": "This is a wrong text.",
          },
        },
        {
          "allowed_blocks": [],
          "allowed_formatting": [],
          "allowed_image_types": "adjustable",
          "allowed_table_blocks": [],
          "allowed_table_formatting": [],
          "allowed_table_text_blocks": [
            "paragraph",
            "heading-one",
            "heading-two",
            "heading-five",
            "heading-six",
            "ordered-list",
            "unordered-list",
            "heading-four",
          ],
          "allowed_text_blocks": [
            "paragraph",
            "heading-one",
            "heading-two",
            "heading-three",
            "heading-five",
            "heading-six",
            "ordered-list",
            "unordered-list",
          ],
          "codename": "snippet_with_all_elements__rich",
          "external_id": "snippet_with_all_elements_snippet_with_all_elements__rich",
          "image_height_limit": {
            "condition": "at_least",
            "value": 800,
          },
          "image_width_limit": {
            "condition": "at_least",
            "value": 1024,
          },
          "is_non_localizable": false,
          "is_required": true,
          "maximum_image_size": 20480,
          "maximum_text_length": {
            "applies_to": "words",
            "value": 50,
          },
          "name": "rich",
          "type": "rich_text",
        },
        {
          "codename": "snippet_with_all_elements__num",
          "default": {
            "global": {
              "value": 55,
            },
          },
          "external_id": "snippet_with_all_elements_snippet_with_all_elements__num",
          "is_non_localizable": false,
          "is_required": true,
          "name": "num",
          "type": "number",
        },
        {
          "codename": "snippet_with_all_elements__multi",
          "default": {
            "global": {
              "value": [
                {
                  "codename": "n2",
                },
              ],
            },
          },
          "external_id": "snippet_with_all_elements_snippet_with_all_elements__multi",
          "is_non_localizable": false,
          "is_required": true,
          "mode": "single",
          "name": "multi",
          "options": [
            {
              "codename": "n1",
              "external_id": "snippet_with_all_elements_n1",
              "name": "1",
            },
            {
              "codename": "n2",
              "external_id": "snippet_with_all_elements_n2",
              "name": "2",
            },
            {
              "codename": "n3",
              "external_id": "snippet_with_all_elements_n3",
              "name": "3",
            },
          ],
          "type": "multiple_choice",
        },
        {
          "codename": "snippet_with_all_elements__date",
          "default": {
            "global": {
              "value": "2024-01-18T00:00:00Z",
            },
          },
          "external_id": "snippet_with_all_elements_snippet_with_all_elements__date",
          "is_non_localizable": false,
          "is_required": true,
          "name": "date",
          "type": "date_time",
        },
        {
          "allowed_file_types": "adjustable",
          "asset_count_limit": {
            "condition": "exactly",
            "value": 1,
          },
          "codename": "snippet_with_all_elements__asset",
          "default": {
            "global": {
              "value": [
                {
                  "codename": "kontent_app_webp",
                  "external_id": "936c40e5-641d-454b-9c4d-fb64b94c2e98",
                },
              ],
            },
          },
          "external_id": "snippet_with_all_elements_snippet_with_all_elements__asset",
          "image_height_limit": {
            "condition": "at_least",
            "value": 800,
          },
          "image_width_limit": {
            "condition": "at_least",
            "value": 800,
          },
          "is_non_localizable": false,
          "is_required": true,
          "maximum_file_size": 3061842,
          "name": "asset",
          "type": "asset",
        },
        {
          "codename": "snippet_with_all_elements__linked",
          "default": {
            "global": {
              "value": [
                {
                  "codename": "small_item_3",
                  "external_id": "8840652b-cb3b-4eb4-8066-b8d2144fa3b1",
                },
                {
                  "codename": "small_item_1",
                  "external_id": "1ffa347b-c6c0-4424-953c-b5c01df022ed",
                },
              ],
            },
          },
          "external_id": "snippet_with_all_elements_snippet_with_all_elements__linked",
          "is_non_localizable": false,
          "is_required": true,
          "item_count_limit": {
            "condition": "at_least",
            "value": 1,
          },
          "name": "linked",
          "type": "modular_content",
        },
        {
          "allowed_elements": [
            {
              "codename": "snippet_with_all_elements__text",
            },
            {
              "codename": "snippet_with_all_elements__num",
            },
          ],
          "codename": "snippet_with_all_elements__custom",
          "external_id": "snippet_with_all_elements_snippet_with_all_elements__custom",
          "is_non_localizable": false,
          "is_required": true,
          "json_parameters": "{"key1":"value1","key2":44}",
          "name": "custom",
          "source_url": "https://kontent-ai-bynder.netlify.app/",
          "type": "custom",
        },
        {
          "codename": "snippet_with_all_elements__guidelines",
          "external_id": "snippet_with_all_elements_snippet_with_all_elements__guidelines",
          "guidelines": "<h1>These are some sample guidelines</h1>
<p><em>content</em> <sup>that</sup> is <sub>so</sub> <code>great</code> to be in <strong>Kontent&nbsp;</strong></p>
<p><a href="https://example.com" data-new-window="true" title="some title">Here</a> are <a data-email-address="test@kontent.ai" data-email-subject="just some test">some</a> <a data-phone-number="+420 863 947 023">other</a> texts.</p>
<ul>
  <li>1</li>
  <li>2</li>
  <li>3</li>
</ul>
<ol>
  <li>jjj</li>
  <li>333</li>
  <li>444</li>
</ol>
<table><tbody>
  <tr><td>1</td><td>2</td><td>3</td></tr>
  <tr><td>fff</td><td>ggg</td><td>hhh</td></tr>
  <tr><td>bbb</td><td>bree</td><td>fewf</td></tr>
</tbody></table>
<p><br></p>",
          "type": "guidelines",
        },
        {
          "codename": "snippet_with_all_elements__tax",
          "default": {
            "global": {
              "value": [
                {
                  "codename": "g1_term2",
                },
                {
                  "codename": "g1_term3",
                },
              ],
            },
          },
          "external_id": "snippet_with_all_elements_snippet_with_all_elements__tax",
          "is_non_localizable": false,
          "is_required": true,
          "name": "tax",
          "taxonomy_group": {
            "codename": "group_1",
          },
          "term_count_limit": {
            "condition": "at_least",
            "value": 2,
          },
          "type": "taxonomy",
        },
      ],
      "external_id": "snippet_with_all_elements",
      "name": "Snippet with all elements",
    },
  ],
  "contentTypes": [
    {
      "codename": "small_type_with_small_snippet",
      "content_groups": [
        {
          "codename": "first_group",
          "external_id": "small_type_with_small_snippet_first_group",
          "name": "first group",
        },
        {
          "codename": "second_group",
          "external_id": "small_type_with_small_snippet_second_group",
          "name": "second group",
        },
      ],
      "elements": [
        {
          "codename": "just_t",
          "content_group": {
            "codename": "first_group",
          },
          "external_id": "small_type_with_small_snippet_just_t",
          "is_non_localizable": false,
          "is_required": false,
          "name": "just t",
          "type": "text",
        },
        {
          "codename": "not_localized_t",
          "content_group": {
            "codename": "first_group",
          },
          "external_id": "small_type_with_small_snippet_not_localized_t",
          "is_non_localizable": true,
          "is_required": false,
          "name": "not-localized t",
          "type": "text",
        },
        {
          "codename": "small_snippet",
          "content_group": {
            "codename": "second_group",
          },
          "external_id": "small_type_with_small_snippet_small_snippet",
          "snippet": {
            "codename": "small_snippet",
          },
          "type": "snippet",
        },
        {
          "codename": "tax",
          "content_group": {
            "codename": "second_group",
          },
          "default": {
            "global": {
              "value": [
                {
                  "codename": "g1_term2",
                },
                {
                  "codename": "g1_term3",
                },
              ],
            },
          },
          "external_id": "small_type_with_small_snippet_tax",
          "is_non_localizable": true,
          "is_required": false,
          "name": "tax",
          "taxonomy_group": {
            "codename": "group_1",
          },
          "term_count_limit": {
            "condition": "at_least",
            "value": 2,
          },
          "type": "taxonomy",
        },
      ],
      "external_id": "small_type_with_small_snippet",
      "name": "Small type with small snippet",
    },
    {
      "codename": "type_with_all_elements",
      "content_groups": [
        {
          "codename": "rest_group",
          "external_id": "type_with_all_elements_rest_group",
          "name": "rest group",
        },
        {
          "codename": "snippet_group_",
          "external_id": "type_with_all_elements_snippet_group_",
          "name": "snippet group ",
        },
      ],
      "elements": [
        {
          "codename": "text_333",
          "content_group": {
            "codename": "rest_group",
          },
          "default": {
            "global": {
              "value": "https://test.com",
            },
          },
          "external_id": "type_with_all_elements_text_333",
          "guidelines": "gre gre g erg",
          "is_non_localizable": false,
          "is_required": true,
          "maximum_text_length": {
            "applies_to": "words",
            "value": 555,
          },
          "name": "text 333",
          "type": "text",
          "validation_regex": {
            "is_active": true,
            "regex": "^(https?:\\/\\/(?:www\\.|(?!www)))?[a-z0-9]{1,63}([\\-\\.]{1}[a-z0-9]{1,63})*\\.[a-z]{2,63}(:[0-9]{1,5})?(\\/\\S*)?$",
            "validation_message": "Type a valid web URL, such as https://example.org :P",
          },
        },
        {
          "allowed_blocks": [
            "text",
            "images",
            "components-and-items",
          ],
          "allowed_formatting": [
            "bold",
            "superscript",
            "subscript",
            "code",
            "link",
            "unstyled",
          ],
          "allowed_image_types": "any",
          "allowed_table_blocks": [],
          "allowed_table_formatting": [],
          "allowed_table_text_blocks": [],
          "allowed_text_blocks": [
            "paragraph",
            "heading-one",
            "heading-three",
            "heading-four",
            "heading-five",
            "heading-six",
            "ordered-list",
            "unordered-list",
          ],
          "codename": "rich",
          "content_group": {
            "codename": "rest_group",
          },
          "external_id": "type_with_all_elements_rich",
          "guidelines": "ewgweger ger",
          "image_height_limit": {
            "condition": "at_most",
            "value": 5000,
          },
          "image_width_limit": {
            "condition": "at_least",
            "value": 1000,
          },
          "is_non_localizable": false,
          "is_required": true,
          "maximum_image_size": 3407872,
          "maximum_text_length": {
            "applies_to": "words",
            "value": 333,
          },
          "name": "rich",
          "type": "rich_text",
        },
        {
          "codename": "nnn",
          "content_group": {
            "codename": "rest_group",
          },
          "default": {
            "global": {
              "value": 318,
            },
          },
          "external_id": "type_with_all_elements_nnn",
          "guidelines": "fwe wgr erg erge",
          "is_non_localizable": false,
          "is_required": true,
          "name": "nnn",
          "type": "number",
        },
        {
          "codename": "multin",
          "content_group": {
            "codename": "rest_group",
          },
          "default": {
            "global": {
              "value": [
                {
                  "codename": "fff",
                },
                {
                  "codename": "www",
                },
              ],
            },
          },
          "external_id": "type_with_all_elements_multin",
          "guidelines": "g erg re gerg re ",
          "is_non_localizable": false,
          "is_required": true,
          "mode": "multiple",
          "name": "multin",
          "options": [
            {
              "codename": "ggg",
              "external_id": "type_with_all_elements_ggg",
              "name": "ggg",
            },
            {
              "codename": "fff",
              "external_id": "type_with_all_elements_fff",
              "name": "fff",
            },
            {
              "codename": "www",
              "external_id": "type_with_all_elements_www",
              "name": "www",
            },
          ],
          "type": "multiple_choice",
        },
        {
          "codename": "dddate",
          "content_group": {
            "codename": "rest_group",
          },
          "default": {
            "global": {
              "value": "2022-11-16T00:00:00Z",
            },
          },
          "external_id": "type_with_all_elements_dddate",
          "guidelines": "g re ger gre gre g gre",
          "is_non_localizable": false,
          "is_required": true,
          "name": "dddate",
          "type": "date_time",
        },
        {
          "allowed_file_types": "any",
          "asset_count_limit": {
            "condition": "at_least",
            "value": 1,
          },
          "codename": "assetttt",
          "content_group": {
            "codename": "rest_group",
          },
          "default": {
            "global": {
              "value": [
                {
                  "codename": "kai_hp_highlight_3_jpg",
                  "external_id": "d4d07406-adfd-404b-bbd5-58c5de6adfd2",
                },
              ],
            },
          },
          "external_id": "type_with_all_elements_assetttt",
          "guidelines": "g reg re gre gre g",
          "image_height_limit": {
            "condition": "at_most",
            "value": 3333,
          },
          "image_width_limit": {
            "condition": "at_least",
            "value": 200,
          },
          "is_non_localizable": false,
          "is_required": true,
          "maximum_file_size": 45508199,
          "name": "assetttt",
          "type": "asset",
        },
        {
          "codename": "flinked",
          "content_group": {
            "codename": "rest_group",
          },
          "default": {
            "global": {
              "value": [
                {
                  "codename": "small_item_2",
                  "external_id": "f5eeaaec-dbcc-4365-a1a7-97d75f3af19b",
                },
                {
                  "codename": "small_item_3",
                  "external_id": "8840652b-cb3b-4eb4-8066-b8d2144fa3b1",
                },
              ],
            },
          },
          "external_id": "type_with_all_elements_flinked",
          "guidelines": "few few. e fw efw ef ewf",
          "is_non_localizable": false,
          "is_required": true,
          "item_count_limit": {
            "condition": "at_least",
            "value": 1,
          },
          "name": "flinked",
          "type": "modular_content",
        },
        {
          "allowed_elements": [
            {
              "codename": "text_333",
            },
            {
              "codename": "sluggish",
            },
          ],
          "codename": "custom",
          "content_group": {
            "codename": "rest_group",
          },
          "external_id": "type_with_all_elements_custom",
          "is_non_localizable": false,
          "is_required": false,
          "json_parameters": "{"key1":"fwefwef"}",
          "name": "custom",
          "source_url": "https://kontent-ai-bynder.netlify.app/",
          "type": "custom",
        },
        {
          "codename": "guidelines",
          "content_group": {
            "codename": "rest_group",
          },
          "external_id": "type_with_all_elements_guidelines",
          "guidelines": "<h2>Guidelines test</h2>
<p><em>This</em> <strong>text</strong> <sup>doesn't</sup> <sub>really</sub> <code>make</code> <a href="https://github.com/kontent-ai/integration-example-recombee" data-new-window="true" title="recombee integration :P">any</a> <a data-asset-codename="kai_logo_ver_black_rgb_svg" data-asset-external-id="032f6aa0-a21a-4a52-ab45-4645d6ef1f44">sense</a>.</p>
<p>It is <a data-email-address="here@there.wow" data-email-subject="shock">here</a> just to <a data-phone-number="+420 738 930 984">test</a> the <a data-item-codename="no_groups_item" data-item-external-id="b86b6d30-3cf3-4912-98ea-88fc413b0d67">hell</a> <a data-item-codename="small_item_1" data-item-external-id="1ffa347b-c6c0-4424-953c-b5c01df022ed">out</a> of it.</p>
<ul>
  <li>1</li>
  <li>2</li>
</ul>
<ol>
  <li>mjfew</li>
  <li>fewf</li>
</ol>
<h6>A great subtitle is grey</h6>
<figure data-asset-codename="kontent_logo_2_avif" data-asset-external-id="a20bf557-f7a9-40d6-ae09-4497ae3aac5e"><img src="#" data-asset-codename="kontent_logo_2_avif" data-asset-external-id="a20bf557-f7a9-40d6-ae09-4497ae3aac5e"></figure>
<table><tbody>
  <tr><td>33</td><td>44</td><td>ff</td></tr>
  <tr><td>greg</td><td>gre&nbsp;</td><td>gre</td></tr>
  <tr><td>gre</td><td><figure data-asset-codename="kontent_ai_png" data-asset-external-id="7497103e-8888-4fb6-a066-a605b0d99615"><img src="#" data-asset-codename="kontent_ai_png" data-asset-external-id="7497103e-8888-4fb6-a066-a605b0d99615"></figure>
</td><td>reg</td></tr>
</tbody></table>",
          "type": "guidelines",
        },
        {
          "codename": "taxxx",
          "content_group": {
            "codename": "rest_group",
          },
          "default": {
            "global": {
              "value": [
                {
                  "codename": "g2_term1",
                },
              ],
            },
          },
          "external_id": "type_with_all_elements_taxxx",
          "is_non_localizable": false,
          "is_required": true,
          "name": "taxxx",
          "taxonomy_group": {
            "codename": "group_2",
          },
          "term_count_limit": {
            "condition": "at_most",
            "value": 33,
          },
          "type": "taxonomy",
        },
        {
          "codename": "sluggish",
          "content_group": {
            "codename": "rest_group",
          },
          "depends_on": {
            "element": {
              "codename": "text_333",
            },
          },
          "external_id": "type_with_all_elements_sluggish",
          "is_non_localizable": false,
          "is_required": true,
          "name": "sluggish",
          "type": "url_slug",
          "validation_regex": {
            "flags": "i",
            "is_active": true,
            "regex": "[a-z]+",
            "validation_message": "This is just not valid...",
          },
        },
        {
          "codename": "snippet_with_all_elements",
          "content_group": {
            "codename": "snippet_group_",
          },
          "external_id": "type_with_all_elements_snippet_with_all_elements",
          "snippet": {
            "codename": "snippet_with_all_elements",
          },
          "type": "snippet",
        },
        {
          "codename": "ddd",
          "content_group": {
            "codename": "snippet_group_",
          },
          "default": {
            "global": {
              "value": "2024-01-16T00:00:00Z",
            },
          },
          "external_id": "type_with_all_elements_ddd",
          "is_non_localizable": true,
          "is_required": true,
          "name": "ddd",
          "type": "date_time",
        },
      ],
      "external_id": "type_with_all_elements",
      "name": "Type with all elements and big snippet",
    },
    {
      "codename": "type_with_all_elements_non_localisable__variants__",
      "content_groups": [
        {
          "codename": "first_g",
          "external_id": "type_with_all_elements_non_localisable__variants___first_g",
          "name": "first g",
        },
        {
          "codename": "second_g",
          "external_id": "type_with_all_elements_non_localisable__variants___second_g",
          "name": "second g",
        },
      ],
      "elements": [
        {
          "codename": "untitled_text",
          "content_group": {
            "codename": "first_g",
          },
          "external_id": "type_with_all_elements_non_localisable__variants___untitled_text",
          "is_non_localizable": true,
          "is_required": false,
          "name": "Untitled text",
          "type": "text",
        },
        {
          "allowed_blocks": [],
          "allowed_formatting": [],
          "allowed_image_types": "any",
          "allowed_table_blocks": [],
          "allowed_table_formatting": [],
          "allowed_table_text_blocks": [],
          "allowed_text_blocks": [],
          "codename": "untitled_rich_text",
          "content_group": {
            "codename": "first_g",
          },
          "external_id": "type_with_all_elements_non_localisable__variants___untitled_rich_text",
          "is_non_localizable": false,
          "is_required": false,
          "name": "Untitled rich text",
          "type": "rich_text",
        },
        {
          "codename": "untitled_number",
          "content_group": {
            "codename": "first_g",
          },
          "external_id": "type_with_all_elements_non_localisable__variants___untitled_number",
          "is_non_localizable": true,
          "is_required": false,
          "name": "Untitled number",
          "type": "number",
        },
        {
          "codename": "untitled_multiple_choice",
          "content_group": {
            "codename": "first_g",
          },
          "default": {
            "global": {
              "value": [
                {
                  "codename": "n2",
                },
              ],
            },
          },
          "external_id": "type_with_all_elements_non_localisable__variants___untitled_multiple_choice",
          "is_non_localizable": true,
          "is_required": false,
          "mode": "single",
          "name": "Untitled multiple choice",
          "options": [
            {
              "codename": "n1",
              "external_id": "type_with_all_elements_non_localisable__variants___n1",
              "name": "1",
            },
            {
              "codename": "n2",
              "external_id": "type_with_all_elements_non_localisable__variants___n2",
              "name": "2",
            },
            {
              "codename": "n3",
              "external_id": "type_with_all_elements_non_localisable__variants___n3",
              "name": "3",
            },
            {
              "codename": "n4",
              "external_id": "type_with_all_elements_non_localisable__variants___n4",
              "name": "4",
            },
          ],
          "type": "multiple_choice",
        },
        {
          "codename": "untitled_date___time",
          "content_group": {
            "codename": "first_g",
          },
          "external_id": "type_with_all_elements_non_localisable__variants___untitled_date___time",
          "is_non_localizable": true,
          "is_required": false,
          "name": "Untitled date & time",
          "type": "date_time",
        },
        {
          "allowed_file_types": "any",
          "codename": "untitled_asset",
          "content_group": {
            "codename": "first_g",
          },
          "default": {
            "global": {
              "value": [
                {
                  "codename": "kai_hp_highlight_3_jpg",
                  "external_id": "d4d07406-adfd-404b-bbd5-58c5de6adfd2",
                },
              ],
            },
          },
          "external_id": "type_with_all_elements_non_localisable__variants___untitled_asset",
          "is_non_localizable": true,
          "is_required": false,
          "name": "Untitled asset",
          "type": "asset",
        },
        {
          "codename": "untitled_linked_items",
          "content_group": {
            "codename": "second_g",
          },
          "external_id": "type_with_all_elements_non_localisable__variants___untitled_linked_items",
          "is_non_localizable": true,
          "is_required": false,
          "name": "Untitled linked items",
          "type": "modular_content",
        },
        {
          "allowed_elements": [
            {
              "codename": "untitled_url_slug",
            },
          ],
          "codename": "untitled_custom_element",
          "content_group": {
            "codename": "second_g",
          },
          "external_id": "type_with_all_elements_non_localisable__variants___untitled_custom_element",
          "is_non_localizable": true,
          "is_required": false,
          "json_parameters": "{}",
          "name": "Untitled custom element",
          "source_url": "https://kontent-ai-bynder.netlify.app/",
          "type": "custom",
        },
        {
          "codename": "group_1",
          "content_group": {
            "codename": "second_g",
          },
          "external_id": "type_with_all_elements_non_localisable__variants___group_1",
          "is_non_localizable": true,
          "is_required": false,
          "name": "Group 1",
          "taxonomy_group": {
            "codename": "group_1",
          },
          "type": "taxonomy",
        },
        {
          "codename": "untitled_url_slug",
          "content_group": {
            "codename": "second_g",
          },
          "depends_on": {
            "element": {
              "codename": "untitled_text",
            },
          },
          "external_id": "type_with_all_elements_non_localisable__variants___untitled_url_slug",
          "is_non_localizable": true,
          "is_required": false,
          "name": "Untitled url slug",
          "type": "url_slug",
        },
      ],
      "external_id": "type_with_all_elements_non_localisable__variants__",
      "name": "Type with all elements non-localisable (variants)_",
    },
    {
      "codename": "type_with_all_elements_no_snippet__for_variants_",
      "content_groups": [
        {
          "codename": "first_g",
          "external_id": "type_with_all_elements_no_snippet__for_variants__first_g",
          "name": "first g",
        },
        {
          "codename": "second_g",
          "external_id": "type_with_all_elements_no_snippet__for_variants__second_g",
          "name": "second g",
        },
      ],
      "elements": [
        {
          "codename": "untitled_text",
          "content_group": {
            "codename": "first_g",
          },
          "default": {
            "global": {
              "value": "just a default",
            },
          },
          "external_id": "type_with_all_elements_no_snippet__for_variants__untitled_text",
          "is_non_localizable": false,
          "is_required": true,
          "name": "Untitled text",
          "type": "text",
        },
        {
          "allowed_blocks": [],
          "allowed_formatting": [],
          "allowed_image_types": "any",
          "allowed_table_blocks": [],
          "allowed_table_formatting": [],
          "allowed_table_text_blocks": [],
          "allowed_text_blocks": [],
          "codename": "untitled_rich_text",
          "content_group": {
            "codename": "first_g",
          },
          "external_id": "type_with_all_elements_no_snippet__for_variants__untitled_rich_text",
          "is_non_localizable": false,
          "is_required": true,
          "name": "Untitled rich text",
          "type": "rich_text",
        },
        {
          "codename": "untitled_number",
          "content_group": {
            "codename": "first_g",
          },
          "external_id": "type_with_all_elements_no_snippet__for_variants__untitled_number",
          "is_non_localizable": false,
          "is_required": true,
          "name": "Untitled number",
          "type": "number",
        },
        {
          "codename": "untitled_multiple_choice_20e9a69",
          "content_group": {
            "codename": "first_g",
          },
          "default": {
            "global": {
              "value": [
                {
                  "codename": "n2",
                },
              ],
            },
          },
          "external_id": "type_with_all_elements_no_snippet__for_variants__untitled_multiple_choice_20e9a69",
          "is_non_localizable": false,
          "is_required": true,
          "mode": "single",
          "name": "Untitled multiple choice",
          "options": [
            {
              "codename": "n1",
              "external_id": "type_with_all_elements_no_snippet__for_variants__n1",
              "name": "1",
            },
            {
              "codename": "n2",
              "external_id": "type_with_all_elements_no_snippet__for_variants__n2",
              "name": "2",
            },
            {
              "codename": "n3",
              "external_id": "type_with_all_elements_no_snippet__for_variants__n3",
              "name": "3",
            },
            {
              "codename": "n4",
              "external_id": "type_with_all_elements_no_snippet__for_variants__n4",
              "name": "4",
            },
          ],
          "type": "multiple_choice",
        },
        {
          "codename": "untitled_multiple_choice",
          "content_group": {
            "codename": "first_g",
          },
          "default": {
            "global": {
              "value": [
                {
                  "codename": "c",
                },
                {
                  "codename": "b",
                },
              ],
            },
          },
          "external_id": "type_with_all_elements_no_snippet__for_variants__untitled_multiple_choice",
          "is_non_localizable": false,
          "is_required": false,
          "mode": "multiple",
          "name": "Untitled multiple choice",
          "options": [
            {
              "codename": "a",
              "external_id": "type_with_all_elements_no_snippet__for_variants__a",
              "name": "a",
            },
            {
              "codename": "b",
              "external_id": "type_with_all_elements_no_snippet__for_variants__b",
              "name": "b",
            },
            {
              "codename": "c",
              "external_id": "type_with_all_elements_no_snippet__for_variants__c",
              "name": "c",
            },
            {
              "codename": "d",
              "external_id": "type_with_all_elements_no_snippet__for_variants__d",
              "name": "d",
            },
          ],
          "type": "multiple_choice",
        },
        {
          "allowed_file_types": "any",
          "codename": "untitled_asset",
          "content_group": {
            "codename": "first_g",
          },
          "default": {
            "global": {
              "value": [
                {
                  "codename": "kai_logo_ver_black_rgb_svg",
                  "external_id": "032f6aa0-a21a-4a52-ab45-4645d6ef1f44",
                },
              ],
            },
          },
          "external_id": "type_with_all_elements_no_snippet__for_variants__untitled_asset",
          "is_non_localizable": false,
          "is_required": false,
          "name": "Untitled asset",
          "type": "asset",
        },
        {
          "codename": "untitled_linked_items",
          "content_group": {
            "codename": "first_g",
          },
          "external_id": "type_with_all_elements_no_snippet__for_variants__untitled_linked_items",
          "is_non_localizable": false,
          "is_required": false,
          "name": "Untitled linked items",
          "type": "modular_content",
        },
        {
          "allowed_elements": [
            {
              "codename": "untitled_text",
            },
            {
              "codename": "untitled_number",
            },
          ],
          "codename": "untitled_custom_element",
          "content_group": {
            "codename": "first_g",
          },
          "external_id": "type_with_all_elements_no_snippet__for_variants__untitled_custom_element",
          "is_non_localizable": false,
          "is_required": false,
          "json_parameters": "{}",
          "name": "Untitled custom element",
          "source_url": "https://kontent-ai-bynder.netlify.app/",
          "type": "custom",
        },
        {
          "codename": "group_1",
          "content_group": {
            "codename": "first_g",
          },
          "default": {
            "global": {
              "value": [
                {
                  "codename": "g1_term3",
                },
              ],
            },
          },
          "external_id": "type_with_all_elements_no_snippet__for_variants__group_1",
          "is_non_localizable": false,
          "is_required": false,
          "name": "Group 1",
          "taxonomy_group": {
            "codename": "group_1",
          },
          "type": "taxonomy",
        },
        {
          "codename": "untitled_url_slug",
          "content_group": {
            "codename": "first_g",
          },
          "depends_on": {
            "element": {
              "codename": "untitled_text",
            },
          },
          "external_id": "type_with_all_elements_no_snippet__for_variants__untitled_url_slug",
          "is_non_localizable": false,
          "is_required": false,
          "name": "Untitled url slug",
          "type": "url_slug",
        },
        {
          "codename": "untitled_date___time",
          "content_group": {
            "codename": "second_g",
          },
          "default": {
            "global": {
              "value": "2024-11-15T00:00:00Z",
            },
          },
          "external_id": "type_with_all_elements_no_snippet__for_variants__untitled_date___time",
          "is_non_localizable": false,
          "is_required": false,
          "name": "Untitled date & time",
          "type": "date_time",
        },
      ],
      "external_id": "type_with_all_elements_no_snippet__for_variants_",
      "name": "Type with all elements no snippet (for variants)",
    },
    {
      "codename": "no_content_groups",
      "content_groups": [],
      "elements": [
        {
          "codename": "untitled_text",
          "external_id": "no_content_groups_untitled_text",
          "is_non_localizable": false,
          "is_required": false,
          "name": "Untitled text",
          "type": "text",
        },
        {
          "allowed_blocks": [],
          "allowed_formatting": [],
          "allowed_image_types": "any",
          "allowed_table_blocks": [],
          "allowed_table_formatting": [],
          "allowed_table_text_blocks": [],
          "allowed_text_blocks": [],
          "codename": "untitled_rich_text",
          "external_id": "no_content_groups_untitled_rich_text",
          "is_non_localizable": false,
          "is_required": false,
          "name": "Untitled rich text",
          "type": "rich_text",
        },
      ],
      "external_id": "no_content_groups",
      "name": "no content groups",
    },
    {
      "codename": "with_deleted_refs_in_default_value",
      "content_groups": [],
      "elements": [
        {
          "codename": "untitled_linked_items",
          "external_id": "with_deleted_refs_in_default_value_untitled_linked_items",
          "is_non_localizable": false,
          "is_required": false,
          "name": "Untitled linked items",
          "type": "modular_content",
        },
        {
          "allowed_file_types": "any",
          "codename": "untitled_asset",
          "external_id": "with_deleted_refs_in_default_value_untitled_asset",
          "is_non_localizable": false,
          "is_required": false,
          "name": "Untitled asset",
          "type": "asset",
        },
        {
          "codename": "guidelines",
          "external_id": "with_deleted_refs_in_default_value_guidelines",
          "guidelines": "<p><a data-external-id="e614319c-55b5-4a3c-b401-258b09aa41de">These</a> guidelines are full of <a data-asset-external-id="ad141a63-8eef-4735-8186-01502cabbc08">broken</a> references... :(</p>",
          "type": "guidelines",
        },
      ],
      "external_id": "with_deleted_refs_in_default_value",
      "name": "With deleted refs in default value",
    },
  ],
  "taxonomyGroups": [
    {
      "codename": "group_2",
      "external_id": "group_2",
      "name": "Group 2",
      "terms": [
        {
          "codename": "g2_term1",
          "external_id": "group_2-g2_term1",
          "name": "g2 term1",
          "terms": [],
        },
        {
          "codename": "g2_term2",
          "external_id": "group_2-g2_term2",
          "name": "g2 term2",
          "terms": [],
        },
      ],
    },
    {
      "codename": "group_1",
      "external_id": "group_1",
      "name": "Group 1",
      "terms": [
        {
          "codename": "g1_term1",
          "external_id": "group_1-g1_term1",
          "name": "g1 term1",
          "terms": [
            {
              "codename": "g1_term2",
              "external_id": "group_1-g1_term2",
              "name": "g1 term2",
              "terms": [],
            },
          ],
        },
        {
          "codename": "g1_term3",
          "external_id": "group_1-g1_term3",
          "name": "g1 term3",
          "terms": [],
        },
        {
          "codename": "g1_term4",
          "external_id": "group_1-g1_term4",
          "name": "g1 term4",
          "terms": [],
        },
      ],
    },
  ],
}
`;
